2026-07-11 16:03:49,565 - DATA - INFO - Options chain generated for spot: Rs.75000.00
2026-07-11 16:03:49,578 - DATA - INFO - Options chain generated for spot: Rs.75000.00
2026-07-11 16:03:49,585 - DATA - INFO - Options chain generated for spot: Rs.75000.00
2026-07-11 16:03:49,585 - DATA - INFO - Options chain generated for spot: Rs.75000.00
2026-07-11 16:03:49,587 - DATA - INFO - Options chain generated for spot: Rs.75000.00
2026-07-11 16:03:52,495 - DATA - INFO - Options chain generated for spot: Rs.75000.00
2026-07-11 16:03:52,495 - DATA - INFO - Portfolio initialized with capital: Rs.500000.00
2026-07-11 16:03:52,511 - DATA - INFO - Options chain generated for spot: Rs.75000.00
2026-07-11 16:03:52,511 - DATA - INFO - Portfolio initialized with capital: Rs.500000.00
2026-07-11 16:03:52,512 - DATA - INFO - Options chain generated for spot: Rs.75000.00
2026-07-11 16:03:52,515 - DATA - INFO - Options chain generated for spot: Rs.75000.00
2026-07-11 16:03:52,516 - DATA - INFO - Portfolio initialized with capital: Rs.500000.00
2026-07-11 16:03:52,516 - DATA - INFO - Portfolio initialized with capital: Rs.500000.00
2026-07-11 16:03:52,524 - DATA - INFO - Options chain generated for spot: Rs.75000.00
2026-07-11 16:03:52,524 - DATA - INFO - Portfolio initialized with capital: Rs.500000.00
2026-07-11 16:04:00,576 - DATA - INFO - Options chain generated for spot: Rs.75000.00
2026-07-11 16:04:00,576 - DATA - INFO - Portfolio initialized with capital: Rs.500000.00
2026-07-11 16:04:00,593 - DATA - INFO - Options chain generated for spot: Rs.75000.00
2026-07-11 16:04:00,594 - DATA - INFO - Portfolio initialized with capital: Rs.500000.00
2026-07-11 16:04:00,595 - DATA - INFO - Options chain generated for spot: Rs.75000.00
2026-07-11 16:04:00,596 - DATA - INFO - Portfolio initialized with capital: Rs.500000.00
2026-07-11 16:04:00,598 - DATA - INFO - Options chain generated for spot: Rs.75000.00
2026-07-11 16:04:00,598 - DATA - INFO - Portfolio initialized with capital: Rs.500000.00
2026-07-11 16:04:00,609 - DATA - INFO - Options chain generated for spot: Rs.75000.00
2026-07-11 16:04:00,610 - DATA - INFO - Portfolio initialized with capital: Rs.500000.00
2026-07-11 16:04:07,575 - DATA - INFO - Options chain generated for spot: Rs.75000.00
2026-07-11 16:04:07,575 - DATA - INFO - Portfolio initialized with capital: Rs.500000.00
2026-07-11 16:04:07,582 - DATA - INFO - Options chain generated for spot: Rs.75000.00
2026-07-11 16:04:07,582 - DATA - INFO - Portfolio initialized with capital: Rs.500000.00
2026-07-11 16:04:07,586 - DATA - INFO - Options chain generated for spot: Rs.75000.00
2026-07-11 16:04:07,586 - DATA - INFO - Portfolio initialized with capital: Rs.500000.00
2026-07-11 16:04:07,587 - DATA - INFO - Options chain generated for spot: Rs.75000.00
2026-07-11 16:04:07,587 - DATA - INFO - Portfolio initialized with capital: Rs.500000.00
2026-07-11 16:04:07,599 - DATA - INFO - Options chain generated for spot: Rs.75000.00
2026-07-11 16:04:07,599 - DATA - INFO - Portfolio initialized with capital: Rs.500000.00
2026-07-11 16:04:12,572 - DATA - INFO - Options chain generated for spot: Rs.75000.00
2026-07-11 16:04:12,572 - DATA - INFO - Portfolio initialized with capital: Rs.500000.00
2026-07-11 16:04:12,580 - DATA - INFO - Options chain generated for spot: Rs.75000.00
2026-07-11 16:04:12,581 - DATA - INFO - Portfolio initialized with capital: Rs.500000.00
2026-07-11 16:04:12,581 - DATA - INFO - Options chain generated for spot: Rs.75000.00
2026-07-11 16:04:12,582 - DATA - INFO - Portfolio initialized with capital: Rs.500000.00
2026-07-11 16:04:12,590 - DATA - INFO - Options chain generated for spot: Rs.75000.00
2026-07-11 16:04:12,590 - DATA - INFO - Portfolio initialized with capital: Rs.500000.00
2026-07-11 16:04:12,600 - DATA - INFO - Options chain generated for spot: Rs.75000.00
2026-07-11 16:04:12,600 - DATA - INFO - Portfolio initialized with capital: Rs.500000.00
2026-07-11 16:04:16,631 - DATA - INFO - Options chain generated for spot: Rs.75000.00
2026-07-11 16:04:16,631 - DATA - INFO - Portfolio initialized with capital: Rs.500000.00
2026-07-11 16:04:18,180 - DATA - INFO - Options chain generated for spot: Rs.75000.00
2026-07-11 16:04:18,181 - DATA - INFO - Portfolio initialized with capital: Rs.500000.00
2026-07-11 16:07:33,827 - DATA - INFO - Options chain generated for spot: Rs.75000.00
2026-07-11 16:07:33,828 - DATA - INFO - Portfolio initialized with capital: Rs.500000.00
2026-07-11 16:07:34,847 - DATA - INFO - Options chain generated for spot: Rs.75000.00
2026-07-11 16:07:34,847 - DATA - INFO - Portfolio initialized with capital: Rs.500000.00
2026-07-11 16:15:44,813 - DATA - INFO - Options chain generated for spot: Rs.75000.00
2026-07-11 16:15:44,813 - DATA - INFO - Portfolio initialized with capital: Rs.500000.00
2026-07-11 16:15:53,137 - DATA - INFO - Options chain generated for spot: Rs.75000.00
2026-07-11 16:15:53,137 - DATA - INFO - Portfolio initialized with capital: Rs.500000.00
2026-07-11 16:15:54,161 - DATA - INFO - Options chain generated for spot: Rs.75000.00
2026-07-11 16:15:54,161 - DATA - INFO - Portfolio initialized with capital: Rs.500000.00
2026-07-11 16:16:37,623 - DATA - INFO - Options chain generated for spot: Rs.75000.00
2026-07-11 16:16:37,623 - DATA - INFO - Portfolio initialized with capital: Rs.500000.00
2026-07-11 16:16:59,550 - DATA - INFO - Options chain generated for spot: Rs.75000.00
2026-07-11 16:16:59,550 - DATA - INFO - Portfolio initialized with capital: Rs.500000.00
2026-07-11 16:17:00,580 - DATA - INFO - Options chain generated for spot: Rs.75000.00
2026-07-11 16:17:00,580 - DATA - INFO - Portfolio initialized with capital: Rs.500000.00
2026-07-11 16:19:58,649 - DATA - INFO - Options chain generated for spot: Rs.75000.00
2026-07-11 16:19:58,649 - DATA - INFO - Portfolio initialized with capital: Rs.500000.00
2026-07-11 16:20:05,972 - DATA - INFO - Options chain generated for spot: Rs.75000.00
2026-07-11 16:20:05,973 - DATA - INFO - Portfolio initialized with capital: Rs.500000.00
2026-07-11 16:20:06,987 - DATA - INFO - Options chain generated for spot: Rs.75000.00
2026-07-11 16:20:06,987 - DATA - INFO - Portfolio initialized with capital: Rs.500000.00
2026-07-11 23:44:19,532 - DATA - INFO - Options chain generated for spot: Rs.75000.00
2026-07-11 23:44:19,532 - DATA - INFO - Portfolio initialized with capital: Rs.500000.00
2026-07-12 00:02:16,940 - DATA - INFO - Options chain generated for spot: Rs.75000.00
2026-07-12 00:02:16,940 - DATA - INFO - Portfolio initialized with capital: Rs.500000.00
2026-07-12 00:02:34,228 - DATA - INFO - Options chain generated for spot: Rs.75000.00
2026-07-12 00:02:34,229 - DATA - INFO - Portfolio initialized with capital: Rs.500000.00
2026-07-12 00:02:41,202 - DATA - INFO - Options chain generated for spot: Rs.75000.00
2026-07-12 00:02:41,202 - DATA - INFO - Portfolio initialized with capital: Rs.500000.00
2026-07-12 00:08:17,889 - DATA - INFO - Options chain generated for spot: Rs.75000.00
2026-07-12 00:08:17,890 - DATA - INFO - Portfolio initialized with capital: Rs.500000.00
2026-07-12 00:08:19,918 - DATA - INFO - Options chain generated for spot: Rs.75000.00
2026-07-12 00:08:19,918 - DATA - INFO - Portfolio initialized with capital: Rs.500000.00
2026-07-12 00:14:03,830 - DATA - INFO - Options chain generated for spot: Rs.75000.00
2026-07-12 00:14:03,830 - DATA - INFO - Portfolio initialized with capital: Rs.500000.00
2026-07-12 00:14:07,246 - DATA - INFO - Options chain generated for spot: Rs.75000.00
2026-07-12 00:14:07,246 - DATA - INFO - Portfolio initialized with capital: Rs.500000.00
2026-07-12 00:19:35,827 - DATA - INFO - Options chain generated for spot: Rs.75000.00
2026-07-12 00:19:35,827 - DATA - INFO - Portfolio initialized with capital: Rs.500000.00
2026-07-12 00:19:39,076 - DATA - INFO - Options chain generated for spot: Rs.75000.00
2026-07-12 00:19:39,076 - DATA - INFO - Portfolio initialized with capital: Rs.500000.00
2026-07-12 00:22:10,686 - DATA - INFO - Options chain generated for spot: Rs.75000.00
2026-07-12 00:22:10,686 - DATA - INFO - Portfolio initialized with capital: Rs.500000.00
2026-07-12 00:22:29,522 - DATA - INFO - Options chain generated for spot: Rs.75000.00
2026-07-12 00:22:29,522 - DATA - INFO - Portfolio initialized with capital: Rs.500000.00
2026-07-12 16:32:11,873 - DATA - INFO - Options chain generated for spot: Rs.75000.00
2026-07-12 16:32:11,875 - DATA - INFO - Portfolio initialized with capital: Rs.500000.00
2026-07-12 16:34:42,907 - DATA - INFO - Options chain generated for spot: Rs.75000.00
2026-07-12 16:34:42,907 - DATA - INFO - Portfolio initialized with capital: Rs.500000.00
2026-07-12 16:34:59,412 - DATA - INFO - Options chain generated for spot: Rs.75000.00
2026-07-12 16:34:59,413 - DATA - INFO - Portfolio initialized with capital: Rs.500000.00
2026-07-12 22:51:52,401 - DATA - INFO - Options chain generated for spot: Rs.75000.00
2026-07-12 22:51:52,402 - DATA - INFO - Portfolio initialized with capital: Rs.500000.00
2026-07-12 22:51:59,824 - DATA - INFO - Options chain generated for spot: Rs.75000.00
2026-07-12 22:51:59,824 - DATA - INFO - Portfolio initialized with capital: Rs.500000.00
2026-07-12 22:52:10,311 - DATA - INFO - Options chain generated for spot: Rs.75000.00
2026-07-12 22:52:10,311 - DATA - INFO - Portfolio initialized with capital: Rs.500000.00
2026-07-12 22:52:15,834 - DATA - INFO - Options chain generated for spot: Rs.75000.00
2026-07-12 22:52:15,834 - DATA - INFO - Portfolio initialized with capital: Rs.500000.00
2026-07-12 22:52:24,299 - DATA - INFO - Options chain generated for spot: Rs.75000.00
2026-07-12 22:52:24,302 - DATA - INFO - Portfolio initialized with capital: Rs.500000.00
2026-07-12 22:52:45,173 - DATA - INFO - Options chain generated for spot: Rs.75000.00
2026-07-12 22:52:45,173 - DATA - INFO - Portfolio initialized with capital: Rs.500000.00
2026-07-12 22:56:19,073 - DATA - INFO - Options chain generated for spot: Rs.75000.00
2026-07-12 22:56:19,074 - DATA - INFO - Portfolio initialized with capital: Rs.500000.00
2026-07-13 00:24:34,657 - DATA - INFO - Options chain generated for spot: Rs.75000.00
2026-07-13 00:24:34,657 - DATA - INFO - Portfolio initialized with capital: Rs.500000.00
2026-07-13 00:24:51,041 - DATA - INFO - Options chain generated for spot: Rs.75000.00
2026-07-13 00:24:51,041 - DATA - INFO - Portfolio initialized with capital: Rs.500000.00
2026-08-21 02:17:20,500 - DATA - INFO - Portfolio initialized with capital: Rs.500000.00
2026-08-21 02:17:51,539 - DATA - INFO - Portfolio initialized with capital: Rs.500000.00
2026-08-21 02:27:17,922 - DATA - INFO - Position added: SUNPHARMA INTRADAY_BUY | Qty: 25 | Price: Rs.1904.00
2026-08-21 02:27:17,923 - DATA - INFO - Stop loss set for SUNPHARMA INTRADAY_BUY: Rs.1886.86
2026-08-21 02:27:17,923 - DATA - INFO - Target set for SUNPHARMA INTRADAY_BUY: Rs.1929.71
2026-08-21 02:28:51,453 - DATA - INFO - Position added: NIFTY 23950 CE_CE | Qty: 50 | Price: Rs.166.95
2026-08-21 02:28:51,455 - DATA - INFO - Stop loss set for NIFTY 23950 CE_CE: Rs.58.70
2026-08-21 02:28:51,455 - DATA - INFO - Target set for NIFTY 23950 CE_CE: Rs.329.32
2026-08-21 02:29:48,975 - DATA - INFO - Position added: NIFTY 24200 CE_CE | Qty: 50 | Price: Rs.171.65
2026-08-21 02:29:48,975 - DATA - INFO - Stop loss set for NIFTY 24200 CE_CE: Rs.61.09
2026-08-21 02:29:48,975 - DATA - INFO - Target set for NIFTY 24200 CE_CE: Rs.337.49
2026-08-21 02:31:44,063 - DATA - INFO - Position added: NIFTY 24750 CE_CE | Qty: 50 | Price: Rs.155.47
2026-08-21 02:31:44,064 - DATA - INFO - Stop loss set for NIFTY 24750 CE_CE: Rs.50.68
2026-08-21 02:31:44,064 - DATA - INFO - Target set for NIFTY 24750 CE_CE: Rs.312.65
2026-08-21 02:32:49,216 - DATA - INFO - Position added: NIFTY 25050 CE_CE | Qty: 50 | Price: Rs.159.35
2026-08-21 02:32:49,217 - DATA - INFO - Stop loss set for NIFTY 25050 CE_CE: Rs.52.27
2026-08-21 02:32:49,217 - DATA - INFO - Target set for NIFTY 25050 CE_CE: Rs.319.97
2026-08-21 02:34:28,276 - DATA - INFO - Position added: NIFTY 25300 CE_CE | Qty: 50 | Price: Rs.178.64
2026-08-21 02:34:28,280 - DATA - INFO - Stop loss set for NIFTY 25300 CE_CE: Rs.63.46
2026-08-21 02:34:28,282 - DATA - INFO - Target set for NIFTY 25300 CE_CE: Rs.351.41
